---
source: crates/citeproc/tests/suite.rs
expression: res
---
Date: (); Date: (); Date: (); Date: (); Date: (Winter)
